# ******************************************************
# PLUTO 4.4-patch3 (Sep 2024) Grid File
# Generated on  Sat May 23 10:37:13 2026
# 
# DIMENSIONS: 1
# GEOMETRY:   CARTESIAN
# X1: [ 0.000000,  1.000000], 256 point(s), 2 ghosts
# ******************************************************
256 
 1   0.000000000000e+00    3.906250000000e-03
 2   3.906250000000e-03    7.812500000000e-03
 3   7.812500000000e-03    1.171875000000e-02
 4   1.171875000000e-02    1.562500000000e-02
 5   1.562500000000e-02    1.953125000000e-02
 6   1.953125000000e-02    2.343750000000e-02
 7   2.343750000000e-02    2.734375000000e-02
 8   2.734375000000e-02    3.125000000000e-02
 9   3.125000000000e-02    3.515625000000e-02
 10   3.515625000000e-02    3.906250000000e-02
 11   3.906250000000e-02    4.296875000000e-02
 12   4.296875000000e-02    4.687500000000e-02
 13   4.687500000000e-02    5.078125000000e-02
 14   5.078125000000e-02    5.468750000000e-02
 15   5.468750000000e-02    5.859375000000e-02
 16   5.859375000000e-02    6.250000000000e-02
 17   6.250000000000e-02    6.640625000000e-02
 18   6.640625000000e-02    7.031250000000e-02
 19   7.031250000000e-02    7.421875000000e-02
 20   7.421875000000e-02    7.812500000000e-02
 21   7.812500000000e-02    8.203125000000e-02
 22   8.203125000000e-02    8.593750000000e-02
 23   8.593750000000e-02    8.984375000000e-02
 24   8.984375000000e-02    9.375000000000e-02
 25   9.375000000000e-02    9.765625000000e-02
 26   9.765625000000e-02    1.015625000000e-01
 27   1.015625000000e-01    1.054687500000e-01
 28   1.054687500000e-01    1.093750000000e-01
 29   1.093750000000e-01    1.132812500000e-01
 30   1.132812500000e-01    1.171875000000e-01
 31   1.171875000000e-01    1.210937500000e-01
 32   1.210937500000e-01    1.250000000000e-01
 33   1.250000000000e-01    1.289062500000e-01
 34   1.289062500000e-01    1.328125000000e-01
 35   1.328125000000e-01    1.367187500000e-01
 36   1.367187500000e-01    1.406250000000e-01
 37   1.406250000000e-01    1.445312500000e-01
 38   1.445312500000e-01    1.484375000000e-01
 39   1.484375000000e-01    1.523437500000e-01
 40   1.523437500000e-01    1.562500000000e-01
 41   1.562500000000e-01    1.601562500000e-01
 42   1.601562500000e-01    1.640625000000e-01
 43   1.640625000000e-01    1.679687500000e-01
 44   1.679687500000e-01    1.718750000000e-01
 45   1.718750000000e-01    1.757812500000e-01
 46   1.757812500000e-01    1.796875000000e-01
 47   1.796875000000e-01    1.835937500000e-01
 48   1.835937500000e-01    1.875000000000e-01
 49   1.875000000000e-01    1.914062500000e-01
 50   1.914062500000e-01    1.953125000000e-01
 51   1.953125000000e-01    1.992187500000e-01
 52   1.992187500000e-01    2.031250000000e-01
 53   2.031250000000e-01    2.070312500000e-01
 54   2.070312500000e-01    2.109375000000e-01
 55   2.109375000000e-01    2.148437500000e-01
 56   2.148437500000e-01    2.187500000000e-01
 57   2.187500000000e-01    2.226562500000e-01
 58   2.226562500000e-01    2.265625000000e-01
 59   2.265625000000e-01    2.304687500000e-01
 60   2.304687500000e-01    2.343750000000e-01
 61   2.343750000000e-01    2.382812500000e-01
 62   2.382812500000e-01    2.421875000000e-01
 63   2.421875000000e-01    2.460937500000e-01
 64   2.460937500000e-01    2.500000000000e-01
 65   2.500000000000e-01    2.539062500000e-01
 66   2.539062500000e-01    2.578125000000e-01
 67   2.578125000000e-01    2.617187500000e-01
 68   2.617187500000e-01    2.656250000000e-01
 69   2.656250000000e-01    2.695312500000e-01
 70   2.695312500000e-01    2.734375000000e-01
 71   2.734375000000e-01    2.773437500000e-01
 72   2.773437500000e-01    2.812500000000e-01
 73   2.812500000000e-01    2.851562500000e-01
 74   2.851562500000e-01    2.890625000000e-01
 75   2.890625000000e-01    2.929687500000e-01
 76   2.929687500000e-01    2.968750000000e-01
 77   2.968750000000e-01    3.007812500000e-01
 78   3.007812500000e-01    3.046875000000e-01
 79   3.046875000000e-01    3.085937500000e-01
 80   3.085937500000e-01    3.125000000000e-01
 81   3.125000000000e-01    3.164062500000e-01
 82   3.164062500000e-01    3.203125000000e-01
 83   3.203125000000e-01    3.242187500000e-01
 84   3.242187500000e-01    3.281250000000e-01
 85   3.281250000000e-01    3.320312500000e-01
 86   3.320312500000e-01    3.359375000000e-01
 87   3.359375000000e-01    3.398437500000e-01
 88   3.398437500000e-01    3.437500000000e-01
 89   3.437500000000e-01    3.476562500000e-01
 90   3.476562500000e-01    3.515625000000e-01
 91   3.515625000000e-01    3.554687500000e-01
 92   3.554687500000e-01    3.593750000000e-01
 93   3.593750000000e-01    3.632812500000e-01
 94   3.632812500000e-01    3.671875000000e-01
 95   3.671875000000e-01    3.710937500000e-01
 96   3.710937500000e-01    3.750000000000e-01
 97   3.750000000000e-01    3.789062500000e-01
 98   3.789062500000e-01    3.828125000000e-01
 99   3.828125000000e-01    3.867187500000e-01
 100   3.867187500000e-01    3.906250000000e-01
 101   3.906250000000e-01    3.945312500000e-01
 102   3.945312500000e-01    3.984375000000e-01
 103   3.984375000000e-01    4.023437500000e-01
 104   4.023437500000e-01    4.062500000000e-01
 105   4.062500000000e-01    4.101562500000e-01
 106   4.101562500000e-01    4.140625000000e-01
 107   4.140625000000e-01    4.179687500000e-01
 108   4.179687500000e-01    4.218750000000e-01
 109   4.218750000000e-01    4.257812500000e-01
 110   4.257812500000e-01    4.296875000000e-01
 111   4.296875000000e-01    4.335937500000e-01
 112   4.335937500000e-01    4.375000000000e-01
 113   4.375000000000e-01    4.414062500000e-01
 114   4.414062500000e-01    4.453125000000e-01
 115   4.453125000000e-01    4.492187500000e-01
 116   4.492187500000e-01    4.531250000000e-01
 117   4.531250000000e-01    4.570312500000e-01
 118   4.570312500000e-01    4.609375000000e-01
 119   4.609375000000e-01    4.648437500000e-01
 120   4.648437500000e-01    4.687500000000e-01
 121   4.687500000000e-01    4.726562500000e-01
 122   4.726562500000e-01    4.765625000000e-01
 123   4.765625000000e-01    4.804687500000e-01
 124   4.804687500000e-01    4.843750000000e-01
 125   4.843750000000e-01    4.882812500000e-01
 126   4.882812500000e-01    4.921875000000e-01
 127   4.921875000000e-01    4.960937500000e-01
 128   4.960937500000e-01    5.000000000000e-01
 129   5.000000000000e-01    5.039062500000e-01
 130   5.039062500000e-01    5.078125000000e-01
 131   5.078125000000e-01    5.117187500000e-01
 132   5.117187500000e-01    5.156250000000e-01
 133   5.156250000000e-01    5.195312500000e-01
 134   5.195312500000e-01    5.234375000000e-01
 135   5.234375000000e-01    5.273437500000e-01
 136   5.273437500000e-01    5.312500000000e-01
 137   5.312500000000e-01    5.351562500000e-01
 138   5.351562500000e-01    5.390625000000e-01
 139   5.390625000000e-01    5.429687500000e-01
 140   5.429687500000e-01    5.468750000000e-01
 141   5.468750000000e-01    5.507812500000e-01
 142   5.507812500000e-01    5.546875000000e-01
 143   5.546875000000e-01    5.585937500000e-01
 144   5.585937500000e-01    5.625000000000e-01
 145   5.625000000000e-01    5.664062500000e-01
 146   5.664062500000e-01    5.703125000000e-01
 147   5.703125000000e-01    5.742187500000e-01
 148   5.742187500000e-01    5.781250000000e-01
 149   5.781250000000e-01    5.820312500000e-01
 150   5.820312500000e-01    5.859375000000e-01
 151   5.859375000000e-01    5.898437500000e-01
 152   5.898437500000e-01    5.937500000000e-01
 153   5.937500000000e-01    5.976562500000e-01
 154   5.976562500000e-01    6.015625000000e-01
 155   6.015625000000e-01    6.054687500000e-01
 156   6.054687500000e-01    6.093750000000e-01
 157   6.093750000000e-01    6.132812500000e-01
 158   6.132812500000e-01    6.171875000000e-01
 159   6.171875000000e-01    6.210937500000e-01
 160   6.210937500000e-01    6.250000000000e-01
 161   6.250000000000e-01    6.289062500000e-01
 162   6.289062500000e-01    6.328125000000e-01
 163   6.328125000000e-01    6.367187500000e-01
 164   6.367187500000e-01    6.406250000000e-01
 165   6.406250000000e-01    6.445312500000e-01
 166   6.445312500000e-01    6.484375000000e-01
 167   6.484375000000e-01    6.523437500000e-01
 168   6.523437500000e-01    6.562500000000e-01
 169   6.562500000000e-01    6.601562500000e-01
 170   6.601562500000e-01    6.640625000000e-01
 171   6.640625000000e-01    6.679687500000e-01
 172   6.679687500000e-01    6.718750000000e-01
 173   6.718750000000e-01    6.757812500000e-01
 174   6.757812500000e-01    6.796875000000e-01
 175   6.796875000000e-01    6.835937500000e-01
 176   6.835937500000e-01    6.875000000000e-01
 177   6.875000000000e-01    6.914062500000e-01
 178   6.914062500000e-01    6.953125000000e-01
 179   6.953125000000e-01    6.992187500000e-01
 180   6.992187500000e-01    7.031250000000e-01
 181   7.031250000000e-01    7.070312500000e-01
 182   7.070312500000e-01    7.109375000000e-01
 183   7.109375000000e-01    7.148437500000e-01
 184   7.148437500000e-01    7.187500000000e-01
 185   7.187500000000e-01    7.226562500000e-01
 186   7.226562500000e-01    7.265625000000e-01
 187   7.265625000000e-01    7.304687500000e-01
 188   7.304687500000e-01    7.343750000000e-01
 189   7.343750000000e-01    7.382812500000e-01
 190   7.382812500000e-01    7.421875000000e-01
 191   7.421875000000e-01    7.460937500000e-01
 192   7.460937500000e-01    7.500000000000e-01
 193   7.500000000000e-01    7.539062500000e-01
 194   7.539062500000e-01    7.578125000000e-01
 195   7.578125000000e-01    7.617187500000e-01
 196   7.617187500000e-01    7.656250000000e-01
 197   7.656250000000e-01    7.695312500000e-01
 198   7.695312500000e-01    7.734375000000e-01
 199   7.734375000000e-01    7.773437500000e-01
 200   7.773437500000e-01    7.812500000000e-01
 201   7.812500000000e-01    7.851562500000e-01
 202   7.851562500000e-01    7.890625000000e-01
 203   7.890625000000e-01    7.929687500000e-01
 204   7.929687500000e-01    7.968750000000e-01
 205   7.968750000000e-01    8.007812500000e-01
 206   8.007812500000e-01    8.046875000000e-01
 207   8.046875000000e-01    8.085937500000e-01
 208   8.085937500000e-01    8.125000000000e-01
 209   8.125000000000e-01    8.164062500000e-01
 210   8.164062500000e-01    8.203125000000e-01
 211   8.203125000000e-01    8.242187500000e-01
 212   8.242187500000e-01    8.281250000000e-01
 213   8.281250000000e-01    8.320312500000e-01
 214   8.320312500000e-01    8.359375000000e-01
 215   8.359375000000e-01    8.398437500000e-01
 216   8.398437500000e-01    8.437500000000e-01
 217   8.437500000000e-01    8.476562500000e-01
 218   8.476562500000e-01    8.515625000000e-01
 219   8.515625000000e-01    8.554687500000e-01
 220   8.554687500000e-01    8.593750000000e-01
 221   8.593750000000e-01    8.632812500000e-01
 222   8.632812500000e-01    8.671875000000e-01
 223   8.671875000000e-01    8.710937500000e-01
 224   8.710937500000e-01    8.750000000000e-01
 225   8.750000000000e-01    8.789062500000e-01
 226   8.789062500000e-01    8.828125000000e-01
 227   8.828125000000e-01    8.867187500000e-01
 228   8.867187500000e-01    8.906250000000e-01
 229   8.906250000000e-01    8.945312500000e-01
 230   8.945312500000e-01    8.984375000000e-01
 231   8.984375000000e-01    9.023437500000e-01
 232   9.023437500000e-01    9.062500000000e-01
 233   9.062500000000e-01    9.101562500000e-01
 234   9.101562500000e-01    9.140625000000e-01
 235   9.140625000000e-01    9.179687500000e-01
 236   9.179687500000e-01    9.218750000000e-01
 237   9.218750000000e-01    9.257812500000e-01
 238   9.257812500000e-01    9.296875000000e-01
 239   9.296875000000e-01    9.335937500000e-01
 240   9.335937500000e-01    9.375000000000e-01
 241   9.375000000000e-01    9.414062500000e-01
 242   9.414062500000e-01    9.453125000000e-01
 243   9.453125000000e-01    9.492187500000e-01
 244   9.492187500000e-01    9.531250000000e-01
 245   9.531250000000e-01    9.570312500000e-01
 246   9.570312500000e-01    9.609375000000e-01
 247   9.609375000000e-01    9.648437500000e-01
 248   9.648437500000e-01    9.687500000000e-01
 249   9.687500000000e-01    9.726562500000e-01
 250   9.726562500000e-01    9.765625000000e-01
 251   9.765625000000e-01    9.804687500000e-01
 252   9.804687500000e-01    9.843750000000e-01
 253   9.843750000000e-01    9.882812500000e-01
 254   9.882812500000e-01    9.921875000000e-01
 255   9.921875000000e-01    9.960937500000e-01
 256   9.960937500000e-01    1.000000000000e+00
1 
 1   0.000000000000e+00    1.000000000000e+00
1 
 1   0.000000000000e+00    1.000000000000e+00
